MPLINK 5.09, LINKER
Linker Map File - Created Sun Jun 07 17:02:26 2020

                                 Section Info
                  Section       Type    Address   Location Size(Bytes)
                ---------  ---------  ---------  ---------  ---------
                   .org_0       code   0x000000    program   0x000002
                   .cinit    romdata   0x000001    program   0x000004
                   .org_1       code   0x000004    program   0x000002
                   .org_2       code   0x000005    program   0x0001a6
.config_2007_BUILD/DEFAULT/DEBUG/ED2TPFINAL_S       code   0x002007    program   0x000002
.config_2008_BUILD/DEFAULT/DEBUG/ED2TPFINAL_S       code   0x002008    program   0x000002



                              Program Memory Usage 
                               Start         End      
                           ---------   ---------      
                            0x000000    0x000002      
                            0x000004    0x0000d7      
                            0x002007    0x002008      
            217 out of 8455 program addresses used, program memory utilization is 2%



                              Symbols - Sorted by Name
                     Name    Address   Location    Storage File                     
                ---------  ---------  ---------  --------- ---------                
              ACCION_DECO   0x0000ae    program     static C:\Users\nacho\Documents\Facultad\4to\ed2\MPLab Projects\ED2TPFINAL.X\ED2TPFINAL_src.asm
            ACEPTAR_TECLA   0x0000b1    program     static C:\Users\nacho\Documents\Facultad\4to\ed2\MPLab Projects\ED2TPFINAL.X\ED2TPFINAL_src.asm
             ACT_DISPLAYS   0x00009f    program     static C:\Users\nacho\Documents\Facultad\4to\ed2\MPLab Projects\ED2TPFINAL.X\ED2TPFINAL_src.asm
             BORRAR_TECLA   0x0000b1    program     static C:\Users\nacho\Documents\Facultad\4to\ed2\MPLab Projects\ED2TPFINAL.X\ED2TPFINAL_src.asm
                CHECKBITS   0x000097    program     static C:\Users\nacho\Documents\Facultad\4to\ed2\MPLab Projects\ED2TPFINAL.X\ED2TPFINAL_src.asm
            CHECK_TECLADO   0x000034    program     static C:\Users\nacho\Documents\Facultad\4to\ed2\MPLab Projects\ED2TPFINAL.X\ED2TPFINAL_src.asm
                CLR_PORTA   0x000086    program     static C:\Users\nacho\Documents\Facultad\4to\ed2\MPLab Projects\ED2TPFINAL.X\ED2TPFINAL_src.asm
                  COL_DEC   0x000046    program     static C:\Users\nacho\Documents\Facultad\4to\ed2\MPLab Projects\ED2TPFINAL.X\ED2TPFINAL_src.asm
                   ENDINT   0x00008a    program     static C:\Users\nacho\Documents\Facultad\4to\ed2\MPLab Projects\ED2TPFINAL.X\ED2TPFINAL_src.asm
                   EN_ROW   0x000092    program     static C:\Users\nacho\Documents\Facultad\4to\ed2\MPLab Projects\ED2TPFINAL.X\ED2TPFINAL_src.asm
                   FINEXP   0x00008f    program     static C:\Users\nacho\Documents\Facultad\4to\ed2\MPLab Projects\ED2TPFINAL.X\ED2TPFINAL_src.asm
                     INIT   0x000005    program     static C:\Users\nacho\Documents\Facultad\4to\ed2\MPLab Projects\ED2TPFINAL.X\ED2TPFINAL_src.asm
          INTERRUPT_SERVE   0x00005f    program     static C:\Users\nacho\Documents\Facultad\4to\ed2\MPLab Projects\ED2TPFINAL.X\ED2TPFINAL_src.asm
              NUMERO_DECO   0x0000a5    program     static C:\Users\nacho\Documents\Facultad\4to\ed2\MPLab Projects\ED2TPFINAL.X\ED2TPFINAL_src.asm
                 PROGRAMA   0x00002e    program     static C:\Users\nacho\Documents\Facultad\4to\ed2\MPLab Projects\ED2TPFINAL.X\ED2TPFINAL_src.asm
                  ROW_DEC   0x000050    program     static C:\Users\nacho\Documents\Facultad\4to\ed2\MPLab Projects\ED2TPFINAL.X\ED2TPFINAL_src.asm
               TABLA_DECO   0x0000cb    program     static C:\Users\nacho\Documents\Facultad\4to\ed2\MPLab Projects\ED2TPFINAL.X\ED2TPFINAL_src.asm
                TABLA_MUX   0x0000b6    program     static C:\Users\nacho\Documents\Facultad\4to\ed2\MPLab Projects\ED2TPFINAL.X\ED2TPFINAL_src.asm
                TABLA_REG   0x0000bb    program     static C:\Users\nacho\Documents\Facultad\4to\ed2\MPLab Projects\ED2TPFINAL.X\ED2TPFINAL_src.asm
               TABLA_SEGM   0x0000c0    program     static C:\Users\nacho\Documents\Facultad\4to\ed2\MPLab Projects\ED2TPFINAL.X\ED2TPFINAL_src.asm
                 TMR0_INT   0x000071    program     static C:\Users\nacho\Documents\Facultad\4to\ed2\MPLab Projects\ED2TPFINAL.X\ED2TPFINAL_src.asm



                              Symbols - Sorted by Address
                     Name    Address   Location    Storage File                     
                ---------  ---------  ---------  --------- ---------                
                     INIT   0x000005    program     static C:\Users\nacho\Documents\Facultad\4to\ed2\MPLab Projects\ED2TPFINAL.X\ED2TPFINAL_src.asm
                 PROGRAMA   0x00002e    program     static C:\Users\nacho\Documents\Facultad\4to\ed2\MPLab Projects\ED2TPFINAL.X\ED2TPFINAL_src.asm
            CHECK_TECLADO   0x000034    program     static C:\Users\nacho\Documents\Facultad\4to\ed2\MPLab Projects\ED2TPFINAL.X\ED2TPFINAL_src.asm
                  COL_DEC   0x000046    program     static C:\Users\nacho\Documents\Facultad\4to\ed2\MPLab Projects\ED2TPFINAL.X\ED2TPFINAL_src.asm
                  ROW_DEC   0x000050    program     static C:\Users\nacho\Documents\Facultad\4to\ed2\MPLab Projects\ED2TPFINAL.X\ED2TPFINAL_src.asm
          INTERRUPT_SERVE   0x00005f    program     static C:\Users\nacho\Documents\Facultad\4to\ed2\MPLab Projects\ED2TPFINAL.X\ED2TPFINAL_src.asm
                 TMR0_INT   0x000071    program     static C:\Users\nacho\Documents\Facultad\4to\ed2\MPLab Projects\ED2TPFINAL.X\ED2TPFINAL_src.asm
                CLR_PORTA   0x000086    program     static C:\Users\nacho\Documents\Facultad\4to\ed2\MPLab Projects\ED2TPFINAL.X\ED2TPFINAL_src.asm
                   ENDINT   0x00008a    program     static C:\Users\nacho\Documents\Facultad\4to\ed2\MPLab Projects\ED2TPFINAL.X\ED2TPFINAL_src.asm
                   FINEXP   0x00008f    program     static C:\Users\nacho\Documents\Facultad\4to\ed2\MPLab Projects\ED2TPFINAL.X\ED2TPFINAL_src.asm
                   EN_ROW   0x000092    program     static C:\Users\nacho\Documents\Facultad\4to\ed2\MPLab Projects\ED2TPFINAL.X\ED2TPFINAL_src.asm
                CHECKBITS   0x000097    program     static C:\Users\nacho\Documents\Facultad\4to\ed2\MPLab Projects\ED2TPFINAL.X\ED2TPFINAL_src.asm
             ACT_DISPLAYS   0x00009f    program     static C:\Users\nacho\Documents\Facultad\4to\ed2\MPLab Projects\ED2TPFINAL.X\ED2TPFINAL_src.asm
              NUMERO_DECO   0x0000a5    program     static C:\Users\nacho\Documents\Facultad\4to\ed2\MPLab Projects\ED2TPFINAL.X\ED2TPFINAL_src.asm
              ACCION_DECO   0x0000ae    program     static C:\Users\nacho\Documents\Facultad\4to\ed2\MPLab Projects\ED2TPFINAL.X\ED2TPFINAL_src.asm
             BORRAR_TECLA   0x0000b1    program     static C:\Users\nacho\Documents\Facultad\4to\ed2\MPLab Projects\ED2TPFINAL.X\ED2TPFINAL_src.asm
            ACEPTAR_TECLA   0x0000b1    program     static C:\Users\nacho\Documents\Facultad\4to\ed2\MPLab Projects\ED2TPFINAL.X\ED2TPFINAL_src.asm
                TABLA_MUX   0x0000b6    program     static C:\Users\nacho\Documents\Facultad\4to\ed2\MPLab Projects\ED2TPFINAL.X\ED2TPFINAL_src.asm
                TABLA_REG   0x0000bb    program     static C:\Users\nacho\Documents\Facultad\4to\ed2\MPLab Projects\ED2TPFINAL.X\ED2TPFINAL_src.asm
               TABLA_SEGM   0x0000c0    program     static C:\Users\nacho\Documents\Facultad\4to\ed2\MPLab Projects\ED2TPFINAL.X\ED2TPFINAL_src.asm
               TABLA_DECO   0x0000cb    program     static C:\Users\nacho\Documents\Facultad\4to\ed2\MPLab Projects\ED2TPFINAL.X\ED2TPFINAL_src.asm


