MPLINK 5.09, LINKER
Linker Map File - Created Sat Jun 06 18:12:18 2020

                                 Section Info
                  Section       Type    Address   Location Size(Bytes)
                ---------  ---------  ---------  ---------  ---------
                   .org_0       code   0x000000    program   0x000002
                   .cinit    romdata   0x000001    program   0x000004
                   .org_1       code   0x000004    program   0x000002
                   .org_2       code   0x000005    program   0x0000c8
.config_2007_BUILD/DEFAULT/PRODUCTION/ED2TPFI       code   0x002007    program   0x000002
.config_2008_BUILD/DEFAULT/PRODUCTION/ED2TPFI       code   0x002008    program   0x000002



                              Program Memory Usage 
                               Start         End      
                           ---------   ---------      
                            0x000000    0x000002      
                            0x000004    0x000068      
                            0x002007    0x002008      
            106 out of 8455 program addresses used, program memory utilization is 1%



                              Symbols - Sorted by Name
                     Name    Address   Location    Storage File                     
                ---------  ---------  ---------  --------- ---------                
                CHECKBITS   0x00005f    program     static C:\Users\nacho\Documents\Facultad\4to\ed2\MPLab Projects\ED2TPFINAL.X\ED2TPFINAL_src.asm
            CHECK_TECLADO   0x000023    program     static C:\Users\nacho\Documents\Facultad\4to\ed2\MPLab Projects\ED2TPFINAL.X\ED2TPFINAL_src.asm
                  COL_DEC   0x000034    program     static C:\Users\nacho\Documents\Facultad\4to\ed2\MPLab Projects\ED2TPFINAL.X\ED2TPFINAL_src.asm
                   ENDINT   0x000053    program     static C:\Users\nacho\Documents\Facultad\4to\ed2\MPLab Projects\ED2TPFINAL.X\ED2TPFINAL_src.asm
                   EN_ROW   0x00005a    program     static C:\Users\nacho\Documents\Facultad\4to\ed2\MPLab Projects\ED2TPFINAL.X\ED2TPFINAL_src.asm
                   FINEXP   0x000057    program     static C:\Users\nacho\Documents\Facultad\4to\ed2\MPLab Projects\ED2TPFINAL.X\ED2TPFINAL_src.asm
                     INIT   0x000005    program     static C:\Users\nacho\Documents\Facultad\4to\ed2\MPLab Projects\ED2TPFINAL.X\ED2TPFINAL_src.asm
          INTERRUPT_SERVE   0x00004d    program     static C:\Users\nacho\Documents\Facultad\4to\ed2\MPLab Projects\ED2TPFINAL.X\ED2TPFINAL_src.asm
                 PROGRAMA   0x000021    program     static C:\Users\nacho\Documents\Facultad\4to\ed2\MPLab Projects\ED2TPFINAL.X\ED2TPFINAL_src.asm
                  ROW_DEC   0x00003e    program     static C:\Users\nacho\Documents\Facultad\4to\ed2\MPLab Projects\ED2TPFINAL.X\ED2TPFINAL_src.asm



                              Symbols - Sorted by Address
                     Name    Address   Location    Storage File                     
                ---------  ---------  ---------  --------- ---------                
                     INIT   0x000005    program     static C:\Users\nacho\Documents\Facultad\4to\ed2\MPLab Projects\ED2TPFINAL.X\ED2TPFINAL_src.asm
                 PROGRAMA   0x000021    program     static C:\Users\nacho\Documents\Facultad\4to\ed2\MPLab Projects\ED2TPFINAL.X\ED2TPFINAL_src.asm
            CHECK_TECLADO   0x000023    program     static C:\Users\nacho\Documents\Facultad\4to\ed2\MPLab Projects\ED2TPFINAL.X\ED2TPFINAL_src.asm
                  COL_DEC   0x000034    program     static C:\Users\nacho\Documents\Facultad\4to\ed2\MPLab Projects\ED2TPFINAL.X\ED2TPFINAL_src.asm
                  ROW_DEC   0x00003e    program     static C:\Users\nacho\Documents\Facultad\4to\ed2\MPLab Projects\ED2TPFINAL.X\ED2TPFINAL_src.asm
          INTERRUPT_SERVE   0x00004d    program     static C:\Users\nacho\Documents\Facultad\4to\ed2\MPLab Projects\ED2TPFINAL.X\ED2TPFINAL_src.asm
                   ENDINT   0x000053    program     static C:\Users\nacho\Documents\Facultad\4to\ed2\MPLab Projects\ED2TPFINAL.X\ED2TPFINAL_src.asm
                   FINEXP   0x000057    program     static C:\Users\nacho\Documents\Facultad\4to\ed2\MPLab Projects\ED2TPFINAL.X\ED2TPFINAL_src.asm
                   EN_ROW   0x00005a    program     static C:\Users\nacho\Documents\Facultad\4to\ed2\MPLab Projects\ED2TPFINAL.X\ED2TPFINAL_src.asm
                CHECKBITS   0x00005f    program     static C:\Users\nacho\Documents\Facultad\4to\ed2\MPLab Projects\ED2TPFINAL.X\ED2TPFINAL_src.asm


